Archive member included to satisfy reference by file (symbol)

/opt/Atollic_TrueSTUDIO_for_STM32_x86_64_9.3.0/ARMTools/bin/../lib/gcc/arm-atollic-eabi/6.3.1/../../../../arm-atollic-eabi/lib/armv7e-m/fpu/libc_nano.a(lib_a-errno.o)
                              Src/syscalls.o (__errno)
/opt/Atollic_TrueSTUDIO_for_STM32_x86_64_9.3.0/ARMTools/bin/../lib/gcc/arm-atollic-eabi/6.3.1/../../../../arm-atollic-eabi/lib/armv7e-m/fpu/libc_nano.a(lib_a-impure.o)
                              /opt/Atollic_TrueSTUDIO_for_STM32_x86_64_9.3.0/ARMTools/bin/../lib/gcc/arm-atollic-eabi/6.3.1/../../../../arm-atollic-eabi/lib/armv7e-m/fpu/libc_nano.a(lib_a-errno.o) (_impure_ptr)
/opt/Atollic_TrueSTUDIO_for_STM32_x86_64_9.3.0/ARMTools/bin/../lib/gcc/arm-atollic-eabi/6.3.1/../../../../arm-atollic-eabi/lib/armv7e-m/fpu/libc_nano.a(lib_a-init.o)
                              startup/startup_stm32f407xx.o (__libc_init_array)
/opt/Atollic_TrueSTUDIO_for_STM32_x86_64_9.3.0/ARMTools/bin/../lib/gcc/arm-atollic-eabi/6.3.1/../../../../arm-atollic-eabi/lib/armv7e-m/fpu/libc_nano.a(lib_a-memcpy-stub.o)
                              Middlewares/Third_Party/FreeRTOS/Source/queue.o (memcpy)
/opt/Atollic_TrueSTUDIO_for_STM32_x86_64_9.3.0/ARMTools/bin/../lib/gcc/arm-atollic-eabi/6.3.1/../../../../arm-atollic-eabi/lib/armv7e-m/fpu/libc_nano.a(lib_a-memset.o)
                              Middlewares/Third_Party/FreeRTOS/Source/CMSIS_RTOS/cmsis_os.o (memset)
/opt/Atollic_TrueSTUDIO_for_STM32_x86_64_9.3.0/ARMTools/bin/../lib/gcc/arm-atollic-eabi/6.3.1/armv7e-m/fpu/libgcc.a(_aeabi_uldivmod.o)
                              Drivers/STM32F4xx_HAL_Driver/Src/stm32f4xx_hal_rcc.o (__aeabi_uldivmod)
/opt/Atollic_TrueSTUDIO_for_STM32_x86_64_9.3.0/ARMTools/bin/../lib/gcc/arm-atollic-eabi/6.3.1/armv7e-m/fpu/libgcc.a(_udivmoddi4.o)
                              /opt/Atollic_TrueSTUDIO_for_STM32_x86_64_9.3.0/ARMTools/bin/../lib/gcc/arm-atollic-eabi/6.3.1/armv7e-m/fpu/libgcc.a(_aeabi_uldivmod.o) (__udivmoddi4)
/opt/Atollic_TrueSTUDIO_for_STM32_x86_64_9.3.0/ARMTools/bin/../lib/gcc/arm-atollic-eabi/6.3.1/armv7e-m/fpu/libgcc.a(_dvmd_tls.o)
                              /opt/Atollic_TrueSTUDIO_for_STM32_x86_64_9.3.0/ARMTools/bin/../lib/gcc/arm-atollic-eabi/6.3.1/armv7e-m/fpu/libgcc.a(_aeabi_uldivmod.o) (__aeabi_ldiv0)

Allocating common symbols
Common symbol       size              file

defaultTaskHandle   0x4               Src/main.o
uwTick              0x4               Drivers/STM32F4xx_HAL_Driver/Src/stm32f4xx_hal.o
xQueueRegistry      0x40              Middlewares/Third_Party/FreeRTOS/Source/queue.o
pFlash              0x20              Drivers/STM32F4xx_HAL_Driver/Src/stm32f4xx_hal_flash.o

Discarded input sections

 .text          0x0000000000000000        0x0 /opt/Atollic_TrueSTUDIO_for_STM32_x86_64_9.3.0/ARMTools/bin/../lib/gcc/arm-atollic-eabi/6.3.1/armv7e-m/fpu/crti.o
 .data          0x0000000000000000        0x0 /opt/Atollic_TrueSTUDIO_for_STM32_x86_64_9.3.0/ARMTools/bin/../lib/gcc/arm-atollic-eabi/6.3.1/armv7e-m/fpu/crti.o
 .bss           0x0000000000000000        0x0 /opt/Atollic_TrueSTUDIO_for_STM32_x86_64_9.3.0/ARMTools/bin/../lib/gcc/arm-atollic-eabi/6.3.1/armv7e-m/fpu/crti.o
 .data          0x0000000000000000        0x4 /opt/Atollic_TrueSTUDIO_for_STM32_x86_64_9.3.0/ARMTools/bin/../lib/gcc/arm-atollic-eabi/6.3.1/armv7e-m/fpu/crtbegin.o
 .text          0x0000000000000000        0x0 Drivers/STM32F4xx_HAL_Driver/Src/stm32f4xx_hal.o
 .data          0x0000000000000000        0x0 Drivers/STM32F4xx_HAL_Driver/Src/stm32f4xx_hal.o
 .bss           0x0000000000000000        0x0 Drivers/STM32F4xx_HAL_Driver/Src/stm32f4xx_hal.o
 .text.HAL_DeInit
                0x0000000000000000       0x58 Drivers/STM32F4xx_HAL_Driver/Src/stm32f4xx_hal.o
 .text.HAL_MspInit
                0x0000000000000000        0xe Drivers/STM32F4xx_HAL_Driver/Src/stm32f4xx_hal.o
 .text.HAL_MspDeInit
                0x0000000000000000        0xe Drivers/STM32F4xx_HAL_Driver/Src/stm32f4xx_hal.o
 .text.HAL_GetTickPrio
                0x0000000000000000       0x18 Drivers/STM32F4xx_HAL_Driver/Src/stm32f4xx_hal.o
 .text.HAL_SetTickFreq
                0x0000000000000000       0x50 Drivers/STM32F4xx_HAL_Driver/Src/stm32f4xx_hal.o
 .text.HAL_GetTickFreq
                0x0000000000000000       0x18 Drivers/STM32F4xx_HAL_Driver/Src/stm32f4xx_hal.o
 .text.HAL_Delay
                0x0000000000000000       0x44 Drivers/STM32F4xx_HAL_Driver/Src/stm32f4xx_hal.o
 .text.HAL_SuspendTick
                0x0000000000000000       0x20 Drivers/STM32F4xx_HAL_Driver/Src/stm32f4xx_hal.o
 .text.HAL_ResumeTick
                0x0000000000000000       0x20 Drivers/STM32F4xx_HAL_Driver/Src/stm32f4xx_hal.o
 .text.HAL_GetHalVersion
                0x0000000000000000       0x14 Drivers/STM32F4xx_HAL_Driver/Src/stm32f4xx_hal.o
 .text.HAL_GetREVID
                0x0000000000000000       0x18 Drivers/STM32F4xx_HAL_Driver/Src/stm32f4xx_hal.o
 .text.HAL_GetDEVID
[...]
Memory Configuration

Name             Origin             Length             Attributes
RAM              0x0000000020000000 0x0000000000020000 xrw
CCMRAM           0x0000000010000000 0x0000000000010000 xrw
FLASH            0x0000000008000000 0x0000000000100000 xr
*default*        0x0000000000000000 0xffffffffffffffff

Linker script and memory map

LOAD /opt/Atollic_TrueSTUDIO_for_STM32_x86_64_9.3.0/ARMTools/bin/../lib/gcc/arm-atollic-eabi/6.3.1/armv7e-m/fpu/crti.o
LOAD /opt/Atollic_TrueSTUDIO_for_STM32_x86_64_9.3.0/ARMTools/bin/../lib/gcc/arm-atollic-eabi/6.3.1/armv7e-m/fpu/crtbegin.o
LOAD Drivers/STM32F4xx_HAL_Driver/Src/stm32f4xx_hal.o
LOAD Drivers/STM32F4xx_HAL_Driver/Src/stm32f4xx_hal_cortex.o
LOAD Drivers/STM32F4xx_HAL_Driver/Src/stm32f4xx_hal_dma.o
LOAD Drivers/STM32F4xx_HAL_Driver/Src/stm32f4xx_hal_dma_ex.o
LOAD Drivers/STM32F4xx_HAL_Driver/Src/stm32f4xx_hal_exti.o
LOAD Drivers/STM32F4xx_HAL_Driver/Src/stm32f4xx_hal_flash.o
LOAD Drivers/STM32F4xx_HAL_Driver/Src/stm32f4xx_hal_flash_ex.o
LOAD Drivers/STM32F4xx_HAL_Driver/Src/stm32f4xx_hal_flash_ramfunc.o
LOAD Drivers/STM32F4xx_HAL_Driver/Src/stm32f4xx_hal_gpio.o
LOAD Drivers/STM32F4xx_HAL_Driver/Src/stm32f4xx_hal_pwr.o
LOAD Drivers/STM32F4xx_HAL_Driver/Src/stm32f4xx_hal_pwr_ex.o
LOAD Drivers/STM32F4xx_HAL_Driver/Src/stm32f4xx_hal_rcc.o
LOAD Drivers/STM32F4xx_HAL_Driver/Src/stm32f4xx_hal_rcc_ex.o
LOAD Drivers/STM32F4xx_HAL_Driver/Src/stm32f4xx_hal_tim.o
LOAD Drivers/STM32F4xx_HAL_Driver/Src/stm32f4xx_hal_tim_ex.o
LOAD Middlewares/Third_Party/FreeRTOS/Source/CMSIS_RTOS/cmsis_os.o
LOAD Middlewares/Third_Party/FreeRTOS/Source/croutine.o
LOAD Middlewares/Third_Party/FreeRTOS/Source/event_groups.o
LOAD Middlewares/Third_Party/FreeRTOS/Source/list.o
LOAD Middlewares/Third_Party/FreeRTOS/Source/portable/GCC/ARM_CM4F/port.o
LOAD Middlewares/Third_Party/FreeRTOS/Source/portable/MemMang/heap_4.o
LOAD Middlewares/Third_Party/FreeRTOS/Source/queue.o
LOAD Middlewares/Third_Party/FreeRTOS/Source/stream_buffer.o
LOAD Middlewares/Third_Party/FreeRTOS/Source/tasks.o
LOAD Middlewares/Third_Party/FreeRTOS/Source/timers.o
LOAD Src/freertos.o
LOAD Src/main.o
LOAD Src/stm32f4xx_hal_msp.o
LOAD Src/stm32f4xx_it.o
LOAD Src/syscalls.o
LOAD Src/system_stm32f4xx.o
LOAD startup/startup_stm32f407xx.o
                0x0000000000000080                malloc_getpagesize_P = 0x80
START GROUP
LOAD /opt/Atollic_TrueSTUDIO_for_STM32_x86_64_9.3.0/ARMTools/bin/../lib/gcc/arm-atollic-eabi/6.3.1/../../../../arm-atollic-eabi/lib/armv7e-m/fpu/libc_nano.a
LOAD /opt/Atollic_TrueSTUDIO_for_STM32_x86_64_9.3.0/ARMTools/bin/../lib/gcc/arm-atollic-eabi/6.3.1/../../../../arm-atollic-eabi/lib/armv7e-m/fpu/libm.a
END GROUP
START GROUP
LOAD /opt/Atollic_TrueSTUDIO_for_STM32_x86_64_9.3.0/ARMTools/bin/../lib/gcc/arm-atollic-eabi/6.3.1/armv7e-m/fpu/libgcc.a
LOAD /opt/Atollic_TrueSTUDIO_for_STM32_x86_64_9.3.0/ARMTools/bin/../lib/gcc/arm-atollic-eabi/6.3.1/../../../../arm-atollic-eabi/lib/armv7e-m/fpu/libc_nano.a
END GROUP
START GROUP
LOAD /opt/Atollic_TrueSTUDIO_for_STM32_x86_64_9.3.0/ARMTools/bin/../lib/gcc/arm-atollic-eabi/6.3.1/armv7e-m/fpu/libgcc.a
LOAD /opt/Atollic_TrueSTUDIO_for_STM32_x86_64_9.3.0/ARMTools/bin/../lib/gcc/arm-atollic-eabi/6.3.1/../../../../arm-atollic-eabi/lib/armv7e-m/fpu/libc_nano.a
LOAD /opt/Atollic_TrueSTUDIO_for_STM32_x86_64_9.3.0/ARMTools/bin/../lib/gcc/arm-atollic-eabi/6.3.1/../../../../arm-atollic-eabi/lib/armv7e-m/fpu/libnosys.a
END GROUP
START GROUP
LOAD /opt/Atollic_TrueSTUDIO_for_STM32_x86_64_9.3.0/ARMTools/bin/../lib/gcc/arm-atollic-eabi/6.3.1/armv7e-m/fpu/libgcc.a
LOAD /opt/Atollic_TrueSTUDIO_for_STM32_x86_64_9.3.0/ARMTools/bin/../lib/gcc/arm-atollic-eabi/6.3.1/../../../../arm-atollic-eabi/lib/armv7e-m/fpu/libc_nano.a
LOAD /opt/Atollic_TrueSTUDIO_for_STM32_x86_64_9.3.0/ARMTools/bin/../lib/gcc/arm-atollic-eabi/6.3.1/../../../../arm-atollic-eabi/lib/armv7e-m/fpu/libnosys.a
END GROUP
LOAD /opt/Atollic_TrueSTUDIO_for_STM32_x86_64_9.3.0/ARMTools/bin/../lib/gcc/arm-atollic-eabi/6.3.1/armv7e-m/fpu/crtend.o
LOAD /opt/Atollic_TrueSTUDIO_for_STM32_x86_64_9.3.0/ARMTools/bin/../lib/gcc/arm-atollic-eabi/6.3.1/armv7e-m/fpu/crtn.o
                0x0000000020020000                _estack = 0x20020000
                0x0000000000000200                _Min_Heap_Size = 0x200
                0x0000000000000400                _Min_Stack_Size = 0x400

.isr_vector     0x0000000008000000      0x188
                0x0000000008000000                . = ALIGN (0x4)
 *(.isr_vector)
 .isr_vector    0x0000000008000000      0x188 startup/startup_stm32f407xx.o
                0x0000000008000000                g_pfnVectors
                0x0000000008000188                . = ALIGN (0x4)

.text           0x0000000008000190     0x2a80
                0x0000000008000190                . = ALIGN (0x4)
 *(.text)
 .text          0x0000000008000190       0x40 /opt/Atollic_TrueSTUDIO_for_STM32_x86_64_9.3.0/ARMTools/bin/../lib/gcc/arm-atollic-eabi/6.3.1/armv7e-m/fpu/crtbegin.o
 .text          0x00000000080001d0       0x30 /opt/Atollic_TrueSTUDIO_for_STM32_x86_64_9.3.0/ARMTools/bin/../lib/gcc/arm-atollic-eabi/6.3.1/armv7e-m/fpu/libgcc.a(_aeabi_uldivmod.o)
                0x00000000080001d0                __aeabi_uldivmod
 .text          0x0000000008000200      0x2dc /opt/Atollic_TrueSTUDIO_for_STM32_x86_64_9.3.0/ARMTools/bin/../lib/gcc/arm-atollic-eabi/6.3.1/armv7e-m/fpu/libgcc.a(_udivmoddi4.o)
                0x0000000008000200                __udivmoddi4
 .text          0x00000000080004dc        0x4 /opt/Atollic_TrueSTUDIO_for_STM32_x86_64_9.3.0/ARMTools/bin/../lib/gcc/arm-atollic-eabi/6.3.1/armv7e-m/fpu/libgcc.a(_dvmd_tls.o)
                0x00000000080004dc                __aeabi_ldiv0
                0x00000000080004dc                __aeabi_idiv0
 *(.text*)
 .text.HAL_Init
                0x00000000080004e0       0x44 Drivers/STM32F4xx_HAL_Driver/Src/stm32f4xx_hal.o
                0x00000000080004e0                HAL_Init
 .text.HAL_InitTick
                0x0000000008000524       0x60 Drivers/STM32F4xx_HAL_Driver/Src/stm32f4xx_hal.o
                0x0000000008000524                HAL_InitTick
 .text.HAL_IncTick
                0x0000000008000584       0x28 Drivers/STM32F4xx_HAL_Driver/Src/stm32f4xx_hal.o
                0x0000000008000584                HAL_IncTick
 .text.HAL_GetTick
                0x00000000080005ac       0x18 Drivers/STM32F4xx_HAL_Driver/Src/stm32f4xx_hal.o
                0x00000000080005ac                HAL_GetTick
 .text.__NVIC_SetPriorityGrouping
                0x00000000080005c4       0x48 Drivers/STM32F4xx_HAL_Driver/Src/stm32f4xx_hal_cortex.o
 .text.__NVIC_GetPriorityGrouping
                0x000000000800060c       0x1c Drivers/STM32F4xx_HAL_Driver/Src/stm32f4xx_hal_cortex.o
 .text.__NVIC_SetPriority
                0x0000000008000628       0x54 Drivers/STM32F4xx_HAL_Driver/Src/stm32f4xx_hal_cortex.o
 .text.NVIC_EncodePriority
                0x000000000800067c       0x62 Drivers/STM32F4xx_HAL_Driver/Src/stm32f4xx_hal_cortex.o
 *fill*         0x00000000080006de        0x2 
 .text.SysTick_Config
                0x00000000080006e0       0x44 Drivers/STM32F4xx_HAL_Driver/Src/stm32f4xx_hal_cortex.o
 .text.HAL_NVIC_SetPriorityGrouping
                0x0000000008000724       0x16 Drivers/STM32F4xx_HAL_Driver/Src/stm32f4xx_hal_cortex.o
                0x0000000008000724                HAL_NVIC_SetPriorityGrouping
 .text.HAL_NVIC_SetPriority
                0x000000000800073a       0x38 Drivers/STM32F4xx_HAL_Driver/Src/stm32f4xx_hal_cortex.o
                0x000000000800073a                HAL_NVIC_SetPriority
 .text.HAL_SYSTICK_Config
                0x0000000008000772       0x18 Drivers/STM32F4xx_HAL_Driver/Src/stm32f4xx_hal_cortex.o
                0x0000000008000772                HAL_SYSTICK_Config
 *fill*         0x000000000800078a        0x2 
 .text.HAL_GPIO_Init
                0x000000000800078c      0x334 Drivers/STM32F4xx_HAL_Driver/Src/stm32f4xx_hal_gpio.o
                0x000000000800078c                HAL_GPIO_Init
 .text.HAL_GPIO_WritePin
                0x0000000008000ac0       0x32 Drivers/STM32F4xx_HAL_Driver/Src/stm32f4xx_hal_gpio.o
                0x0000000008000ac0                HAL_GPIO_WritePin
 .text.HAL_GPIO_TogglePin
                0x0000000008000af2       0x36 Drivers/STM32F4xx_HAL_Driver/Src/stm32f4xx_hal_gpio.o
                0x0000000008000af2                HAL_GPIO_TogglePin
 .text.HAL_RCC_OscConfig
                0x0000000008000b28      0x4e0 Drivers/STM32F4xx_HAL_Driver/Src/stm32f4xx_hal_rcc.o
                0x0000000008000b28                HAL_RCC_OscConfig
 .text.HAL_RCC_ClockConfig
                0x0000000008001008      0x1cc Drivers/STM32F4xx_HAL_Driver/Src/stm32f4xx_hal_rcc.o
                0x0000000008001008                HAL_RCC_ClockConfig
 .text.HAL_RCC_GetSysClockFreq
                0x00000000080011d4      0x1ac Drivers/STM32F4xx_HAL_Driver/Src/stm32f4xx_hal_rcc.o
                0x00000000080011d4                HAL_RCC_GetSysClockFreq
 .text.makeFreeRtosPriority
                0x0000000008001380       0x30 Middlewares/Third_Party/FreeRTOS/Source/CMSIS_RTOS/cmsis_os.o
 .text.osKernelStart
                0x00000000080013b0        0xe Middlewares/Third_Party/FreeRTOS/Source/CMSIS_RTOS/cmsis_os.o
                0x00000000080013b0                osKernelStart
 .text.osThreadCreate
                0x00000000080013be       0x98 Middlewares/Third_Party/FreeRTOS/Source/CMSIS_RTOS/cmsis_os.o
                0x00000000080013be                osThreadCreate
 .text.osDelay  0x0000000008001456       0x28 Middlewares/Third_Party/FreeRTOS/Source/CMSIS_RTOS/cmsis_os.o
                0x0000000008001456                osDelay
 .text.vListInitialise
                0x000000000800147e       0x40 Middlewares/Third_Party/FreeRTOS/Source/list.o
                0x000000000800147e                vListInitialise
 .text.vListInitialiseItem
                0x00000000080014be       0x1a Middlewares/Third_Party/FreeRTOS/Source/list.o
                0x00000000080014be                vListInitialiseItem
 .text.vListInsertEnd
                0x00000000080014d8       0x48 Middlewares/Third_Party/FreeRTOS/Source/list.o
                0x00000000080014d8                vListInsertEnd
 .text.vListInsert
                0x0000000008001520       0x72 Middlewares/Third_Party/FreeRTOS/Source/list.o
                0x0000000008001520                vListInsert
 .text.uxListRemove
                0x0000000008001592       0x54 Middlewares/Third_Party/FreeRTOS/Source/list.o
                0x0000000008001592                uxListRemove
 *fill*         0x00000000080015e6        0x2 
 .text.pxPortInitialiseStack
                0x00000000080015e8       0x68 Middlewares/Third_Party/FreeRTOS/Source/portable/GCC/ARM_CM4F/port.o
                0x00000000080015e8                pxPortInitialiseStack
 .text.prvTaskExitError
                0x0000000008001650       0x54 Middlewares/Third_Party/FreeRTOS/Source/portable/GCC/ARM_CM4F/port.o
 *fill*         0x00000000080016a4        0xc 
 .text.SVC_Handler
                0x00000000080016b0       0x28 Middlewares/Third_Party/FreeRTOS/Source/portable/GCC/ARM_CM4F/port.o
                0x00000000080016b0                SVC_Handler
 .text.prvPortStartFirstTask
                0x00000000080016d8       0x28 Middlewares/Third_Party/FreeRTOS/Source/portable/GCC/ARM_CM4F/port.o
 .text.xPortStartScheduler
                0x0000000008001700      0x13c Middlewares/Third_Party/FreeRTOS/Source/portable/GCC/ARM_CM4F/port.o
                0x0000000008001700                xPortStartScheduler
 .text.vPortEnterCritical
                0x000000000800183c       0x5c Middlewares/Third_Party/FreeRTOS/Source/portable/GCC/ARM_CM4F/port.o
                0x000000000800183c                vPortEnterCritical
 .text.vPortExitCritical
                0x0000000008001898       0x50 Middlewares/Third_Party/FreeRTOS/Source/portable/GCC/ARM_CM4F/port.o
                0x0000000008001898                vPortExitCritical
 *fill*         0x00000000080018e8        0x8 
 .text.PendSV_Handler
                0x00000000080018f0       0x68 Middlewares/Third_Party/FreeRTOS/Source/portable/GCC/ARM_CM4F/port.o
                0x00000000080018f0                PendSV_Handler
 .text.xPortSysTickHandler
                0x0000000008001958       0x40 Middlewares/Third_Party/FreeRTOS/Source/portable/GCC/ARM_CM4F/port.o
                0x0000000008001958                xPortSysTickHandler
 .text.vPortSetupTimerInterrupt
                0x0000000008001998       0x48 Middlewares/Third_Party/FreeRTOS/Source/portable/GCC/ARM_CM4F/port.o
                0x0000000008001998                vPortSetupTimerInterrupt
 .text.vPortEnableVFP
                0x00000000080019e0       0x14 Middlewares/Third_Party/FreeRTOS/Source/portable/GCC/ARM_CM4F/port.o
 .text.pvPortMalloc
                0x00000000080019f4      0x184 Middlewares/Third_Party/FreeRTOS/Source/portable/MemMang/heap_4.o
                0x00000000080019f4                pvPortMalloc
 .text.vPortFree
                0x0000000008001b78       0xb0 Middlewares/Third_Party/FreeRTOS/Source/portable/MemMang/heap_4.o
                0x0000000008001b78                vPortFree
 .text.prvHeapInit
                0x0000000008001c28       0xc4 Middlewares/Third_Party/FreeRTOS/Source/portable/MemMang/heap_4.o
 .text.prvInsertBlockIntoFreeList
                0x0000000008001cec       0xb4 Middlewares/Third_Party/FreeRTOS/Source/portable/MemMang/heap_4.o
 .text.xTaskCreateStatic
                0x0000000008001da0       0xb4 Middlewares/Third_Party/FreeRTOS/Source/tasks.o
                0x0000000008001da0                xTaskCreateStatic
 .text.xTaskCreate
                0x0000000008001e54       0x8a Middlewares/Third_Party/FreeRTOS/Source/tasks.o
                0x0000000008001e54                xTaskCreate
 .text.prvInitialiseNewTask
                0x0000000008001ede      0x10c Middlewares/Third_Party/FreeRTOS/Source/tasks.o
 *fill*         0x0000000008001fea        0x2 
 .text.prvAddNewTaskToReadyList
                0x0000000008001fec       0xd4 Middlewares/Third_Party/FreeRTOS/Source/tasks.o
 .text.vTaskDelay
                0x00000000080020c0       0x68 Middlewares/Third_Party/FreeRTOS/Source/tasks.o
                0x00000000080020c0                vTaskDelay
 .text.vTaskStartScheduler
                0x0000000008002128       0xbc Middlewares/Third_Party/FreeRTOS/Source/tasks.o
                0x0000000008002128                vTaskStartScheduler
 .text.vTaskSuspendAll
                0x00000000080021e4       0x1c Middlewares/Third_Party/FreeRTOS/Source/tasks.o
                0x00000000080021e4                vTaskSuspendAll
 .text.xTaskResumeAll
                0x0000000008002200      0x138 Middlewares/Third_Party/FreeRTOS/Source/tasks.o
                0x0000000008002200                xTaskResumeAll
 .text.xTaskIncrementTick
                0x0000000008002338      0x170 Middlewares/Third_Party/FreeRTOS/Source/tasks.o
                0x0000000008002338                xTaskIncrementTick
 .text.vTaskSwitchContext
                0x00000000080024a8       0xb4 Middlewares/Third_Party/FreeRTOS/Source/tasks.o
                0x00000000080024a8                vTaskSwitchContext
 .text.prvIdleTask
                0x000000000800255c       0x30 Middlewares/Third_Party/FreeRTOS/Source/tasks.o
 .text.prvInitialiseTaskLists
                0x000000000800258c       0x80 Middlewares/Third_Party/FreeRTOS/Source/tasks.o
 .text.prvCheckTasksWaitingTermination
                0x000000000800260c       0x58 Middlewares/Third_Party/FreeRTOS/Source/tasks.o
 .text.prvDeleteTCB
                0x0000000008002664       0x5c Middlewares/Third_Party/FreeRTOS/Source/tasks.o
 .text.prvResetNextTaskUnblockTime
                0x00000000080026c0       0x40 Middlewares/Third_Party/FreeRTOS/Source/tasks.o
 .text.xTaskGetSchedulerState
                0x0000000008002700       0x3c Middlewares/Third_Party/FreeRTOS/Source/tasks.o
                0x0000000008002700                xTaskGetSchedulerState
 .text.prvAddCurrentTaskToDelayedList
                0x000000000800273c       0xcc Middlewares/Third_Party/FreeRTOS/Source/tasks.o
 .text.vApplicationGetIdleTaskMemory
                0x0000000008002808       0x34 Src/freertos.o
                0x0000000008002808                vApplicationGetIdleTaskMemory
 .text.main     0x000000000800283c       0xc8 Src/main.o
                0x000000000800283c                main
 .text.SystemClock_Config
                0x0000000008002904       0x7a Src/main.o
                0x0000000008002904                SystemClock_Config
 *fill*         0x000000000800297e        0x2 
 .text.MX_GPIO_Init
                0x0000000008002980       0x68 Src/main.o
 .text.StartDefaultTask_DOWN
                0x00000000080029e8       0x20 Src/main.o
                0x00000000080029e8                StartDefaultTask_DOWN
 .text.StartDefaultTask_RIGHT
                0x0000000008002a08       0x20 Src/main.o
                0x0000000008002a08                StartDefaultTask_RIGHT
 .text.StartDefaultTask_UP
                0x0000000008002a28       0x20 Src/main.o
                0x0000000008002a28                StartDefaultTask_UP
 .text.StartDefaultTask_LEFT
                0x0000000008002a48       0x20 Src/main.o
                0x0000000008002a48                StartDefaultTask_LEFT
 .text.Error_Handler
                0x0000000008002a68        0xe Src/main.o
                0x0000000008002a68                Error_Handler
 *fill*         0x0000000008002a76        0x2 
 .text.HAL_MspInit
                0x0000000008002a78       0x58 Src/stm32f4xx_hal_msp.o
                0x0000000008002a78                HAL_MspInit
 .text.NMI_Handler
                0x0000000008002ad0        0xe Src/stm32f4xx_it.o
                0x0000000008002ad0                NMI_Handler
 .text.HardFault_Handler
                0x0000000008002ade        0x6 Src/stm32f4xx_it.o
                0x0000000008002ade                HardFault_Handler
 .text.MemManage_Handler
                0x0000000008002ae4        0x6 Src/stm32f4xx_it.o
                0x0000000008002ae4                MemManage_Handler
 .text.BusFault_Handler
                0x0000000008002aea        0x6 Src/stm32f4xx_it.o
                0x0000000008002aea                BusFault_Handler
 .text.UsageFault_Handler
                0x0000000008002af0        0x6 Src/stm32f4xx_it.o
                0x0000000008002af0                UsageFault_Handler
 .text.DebugMon_Handler
                0x0000000008002af6        0xe Src/stm32f4xx_it.o
                0x0000000008002af6                DebugMon_Handler
 .text.SysTick_Handler
                0x0000000008002b04       0x1a Src/stm32f4xx_it.o
                0x0000000008002b04                SysTick_Handler
 *fill*         0x0000000008002b1e        0x2 
 .text.SystemInit
                0x0000000008002b20       0x2c Src/system_stm32f4xx.o
                0x0000000008002b20                SystemInit
 .text.Reset_Handler
                0x0000000008002b4c       0x50 startup/startup_stm32f407xx.o
                0x0000000008002b4c                Reset_Handler
 .text.Default_Handler
                0x0000000008002b9c        0x2 startup/startup_stm32f407xx.o
                0x0000000008002b9c                RTC_Alarm_IRQHandler
                0x0000000008002b9c                HASH_RNG_IRQHandler
                0x0000000008002b9c                EXTI2_IRQHandler
                0x0000000008002b9c                TIM8_CC_IRQHandler
                0x0000000008002b9c                TIM1_CC_IRQHandler
                0x0000000008002b9c                DMA2_Stream5_IRQHandler
                0x0000000008002b9c                DMA1_Stream5_IRQHandler
                0x0000000008002b9c                PVD_IRQHandler
                0x0000000008002b9c                SDIO_IRQHandler
                0x0000000008002b9c                TAMP_STAMP_IRQHandler
                0x0000000008002b9c                CAN2_RX1_IRQHandler
                0x0000000008002b9c                EXTI3_IRQHandler
                0x0000000008002b9c                TIM8_TRG_COM_TIM14_IRQHandler
                0x0000000008002b9c                TIM1_UP_TIM10_IRQHandler
                0x0000000008002b9c                TIM8_UP_TIM13_IRQHandler
                0x0000000008002b9c                I2C3_ER_IRQHandler
                0x0000000008002b9c                EXTI0_IRQHandler
                0x0000000008002b9c                I2C2_EV_IRQHandler
                0x0000000008002b9c                DMA1_Stream2_IRQHandler
                0x0000000008002b9c                CAN1_RX0_IRQHandler
                0x0000000008002b9c                FPU_IRQHandler
                0x0000000008002b9c                OTG_HS_WKUP_IRQHandler
                0x0000000008002b9c                CAN2_SCE_IRQHandler
                0x0000000008002b9c                DMA2_Stream2_IRQHandler
                0x0000000008002b9c                SPI1_IRQHandler
                0x0000000008002b9c                TIM6_DAC_IRQHandler
                0x0000000008002b9c                TIM1_BRK_TIM9_IRQHandler
                0x0000000008002b9c                DCMI_IRQHandler
                0x0000000008002b9c                CAN2_RX0_IRQHandler
                0x0000000008002b9c                DMA2_Stream3_IRQHandler
                0x0000000008002b9c                USART6_IRQHandler
                0x0000000008002b9c                USART3_IRQHandler
                0x0000000008002b9c                CAN1_RX1_IRQHandler
                0x0000000008002b9c                UART5_IRQHandler
                0x0000000008002b9c                DMA2_Stream0_IRQHandler
                0x0000000008002b9c                TIM4_IRQHandler
                0x0000000008002b9c                I2C1_EV_IRQHandler
                0x0000000008002b9c                DMA1_Stream6_IRQHandler
                0x0000000008002b9c                DMA1_Stream1_IRQHandler
                0x0000000008002b9c                UART4_IRQHandler
                0x0000000008002b9c                TIM3_IRQHandler
                0x0000000008002b9c                RCC_IRQHandler
                0x0000000008002b9c                TIM8_BRK_TIM12_IRQHandler
                0x0000000008002b9c                Default_Handler
                0x0000000008002b9c                EXTI15_10_IRQHandler
                0x0000000008002b9c                ADC_IRQHandler
                0x0000000008002b9c                DMA1_Stream7_IRQHandler
                0x0000000008002b9c                TIM7_IRQHandler
                0x0000000008002b9c                CAN2_TX_IRQHandler
                0x0000000008002b9c                TIM5_IRQHandler
                0x0000000008002b9c                DMA2_Stream7_IRQHandler
                0x0000000008002b9c                I2C3_EV_IRQHandler
                0x0000000008002b9c                EXTI9_5_IRQHandler
                0x0000000008002b9c                RTC_WKUP_IRQHandler
                0x0000000008002b9c                ETH_WKUP_IRQHandler
                0x0000000008002b9c                SPI2_IRQHandler
                0x0000000008002b9c                OTG_HS_EP1_IN_IRQHandler
                0x0000000008002b9c                DMA1_Stream0_IRQHandler
                0x0000000008002b9c                CAN1_TX_IRQHandler
                0x0000000008002b9c                EXTI4_IRQHandler
                0x0000000008002b9c                FSMC_IRQHandler
                0x0000000008002b9c                ETH_IRQHandler
                0x0000000008002b9c                OTG_HS_EP1_OUT_IRQHandler
                0x0000000008002b9c                WWDG_IRQHandler
                0x0000000008002b9c                TIM2_IRQHandler
                0x0000000008002b9c                OTG_FS_WKUP_IRQHandler
                0x0000000008002b9c                TIM1_TRG_COM_TIM11_IRQHandler
                0x0000000008002b9c                OTG_HS_IRQHandler
                0x0000000008002b9c                EXTI1_IRQHandler
                0x0000000008002b9c                USART2_IRQHandler
                0x0000000008002b9c                I2C2_ER_IRQHandler
                0x0000000008002b9c                DMA2_Stream1_IRQHandler
                0x0000000008002b9c                CAN1_SCE_IRQHandler
                0x0000000008002b9c                FLASH_IRQHandler
                0x0000000008002b9c                DMA2_Stream4_IRQHandler
                0x0000000008002b9c                USART1_IRQHandler
                0x0000000008002b9c                OTG_FS_IRQHandler
                0x0000000008002b9c                SPI3_IRQHandler
                0x0000000008002b9c                DMA1_Stream4_IRQHandler
                0x0000000008002b9c                I2C1_ER_IRQHandler
                0x0000000008002b9c                DMA2_Stream6_IRQHandler
                0x0000000008002b9c                DMA1_Stream3_IRQHandler
 *fill*         0x0000000008002b9e        0x2 
 .text.__libc_init_array
                0x0000000008002ba0       0x48 /opt/Atollic_TrueSTUDIO_for_STM32_x86_64_9.3.0/ARMTools/bin/../lib/gcc/arm-atollic-eabi/6.3.1/../../../../arm-atollic-eabi/lib/armv7e-m/fpu/libc_nano.a(lib_a-init.o)
                0x0000000008002ba0                __libc_init_array
 .text.memset   0x0000000008002be8       0x10 /opt/Atollic_TrueSTUDIO_for_STM32_x86_64_9.3.0/ARMTools/bin/../lib/gcc/arm-atollic-eabi/6.3.1/../../../../arm-atollic-eabi/lib/armv7e-m/fpu/libc_nano.a(lib_a-memset.o)
                0x0000000008002be8                memset
 *(.glue_7)
 .glue_7        0x0000000008002bf8        0x0 linker stubs
 *(.glue_7t)
 .glue_7t       0x0000000008002bf8        0x0 linker stubs
 *(.eh_frame)
 .eh_frame      0x0000000008002bf8        0x0 /opt/Atollic_TrueSTUDIO_for_STM32_x86_64_9.3.0/ARMTools/bin/../lib/gcc/arm-atollic-eabi/6.3.1/armv7e-m/fpu/crtbegin.o
 *(.init)
 .init          0x0000000008002bf8        0x4 /opt/Atollic_TrueSTUDIO_for_STM32_x86_64_9.3.0/ARMTools/bin/../lib/gcc/arm-atollic-eabi/6.3.1/armv7e-m/fpu/crti.o
                0x0000000008002bf8                _init
 .init          0x0000000008002bfc        0x8 /opt/Atollic_TrueSTUDIO_for_STM32_x86_64_9.3.0/ARMTools/bin/../lib/gcc/arm-atollic-eabi/6.3.1/armv7e-m/fpu/crtn.o
 *(.fini)
 .fini          0x0000000008002c04        0x4 /opt/Atollic_TrueSTUDIO_for_STM32_x86_64_9.3.0/ARMTools/bin/../lib/gcc/arm-atollic-eabi/6.3.1/armv7e-m/fpu/crti.o
                0x0000000008002c04                _fini
 .fini          0x0000000008002c08        0x8 /opt/Atollic_TrueSTUDIO_for_STM32_x86_64_9.3.0/ARMTools/bin/../lib/gcc/arm-atollic-eabi/6.3.1/armv7e-m/fpu/crtn.o
                0x0000000008002c10                . = ALIGN (0x4)
                0x0000000008002c10                _etext = .

.vfp11_veneer   0x0000000008002c10        0x0
 .vfp11_veneer  0x0000000008002c10        0x0 linker stubs

.v4_bx          0x0000000008002c10        0x0
 .v4_bx         0x0000000008002c10        0x0 linker stubs

.iplt           0x0000000008002c10        0x0
 .iplt          0x0000000008002c10        0x0 /opt/Atollic_TrueSTUDIO_for_STM32_x86_64_9.3.0/ARMTools/bin/../lib/gcc/arm-atollic-eabi/6.3.1/armv7e-m/fpu/crtbegin.o

.rodata         0x0000000008002c10       0xc4
                0x0000000008002c10                . = ALIGN (0x4)
 *(.rodata)
 .rodata        0x0000000008002c10        0x5 Middlewares/Third_Party/FreeRTOS/Source/tasks.o
 *fill*         0x0000000008002c15        0x3 
 .rodata        0x0000000008002c18       0xac Src/main.o
 *(.rodata*)
 .rodata.AHBPrescTable
                0x0000000008002cc4       0x10 Src/system_stm32f4xx.o
                0x0000000008002cc4                AHBPrescTable
                0x0000000008002cd4                . = ALIGN (0x4)

.ARM.extab
 *(.ARM.extab* .gnu.linkonce.armextab.*)

.ARM            0x0000000008002cd4        0x8
                0x0000000008002cd4                __exidx_start = .
 *(.ARM.exidx*)
 .ARM.exidx     0x0000000008002cd4        0x8 /opt/Atollic_TrueSTUDIO_for_STM32_x86_64_9.3.0/ARMTools/bin/../lib/gcc/arm-atollic-eabi/6.3.1/armv7e-m/fpu/libgcc.a(_udivmoddi4.o)
                0x0000000008002cdc                __exidx_end = .

.rel.dyn        0x0000000008002cdc        0x0
 .rel.iplt      0x0000000008002cdc        0x0 /opt/Atollic_TrueSTUDIO_for_STM32_x86_64_9.3.0/ARMTools/bin/../lib/gcc/arm-atollic-eabi/6.3.1/armv7e-m/fpu/crtbegin.o

.preinit_array  0x0000000008002cdc        0x0
                0x0000000008002cdc                PROVIDE (__preinit_array_start, .)
 *(.preinit_array*)
                0x0000000008002cdc                PROVIDE (__preinit_array_end, .)

.init_array     0x0000000008002cdc        0x4
                0x0000000008002cdc                PROVIDE (__init_array_start, .)
 *(SORT(.init_array.*))
 *(.init_array*)
 .init_array    0x0000000008002cdc        0x4 /opt/Atollic_TrueSTUDIO_for_STM32_x86_64_9.3.0/ARMTools/bin/../lib/gcc/arm-atollic-eabi/6.3.1/armv7e-m/fpu/crtbegin.o
                0x0000000008002ce0                PROVIDE (__init_array_end, .)

.fini_array     0x0000000008002ce0        0x4
                [!provide]                        PROVIDE (__fini_array_start, .)
 *(SORT(.fini_array.*))
 *(.fini_array*)
 .fini_array    0x0000000008002ce0        0x4 /opt/Atollic_TrueSTUDIO_for_STM32_x86_64_9.3.0/ARMTools/bin/../lib/gcc/arm-atollic-eabi/6.3.1/armv7e-m/fpu/crtbegin.o
                [!provide]                        PROVIDE (__fini_array_end, .)
                0x0000000008002ce4                _sidata = LOADADDR (.data)

.data           0x0000000020000000       0x10 load address 0x0000000008002ce4
                0x0000000020000000                . = ALIGN (0x4)
                0x0000000020000000                _sdata = .
 *(.data)
 *(.data*)
 .data.uwTickPrio
                0x0000000020000000        0x4 Drivers/STM32F4xx_HAL_Driver/Src/stm32f4xx_hal.o
                0x0000000020000000                uwTickPrio
 .data.uwTickFreq
                0x0000000020000004        0x1 Drivers/STM32F4xx_HAL_Driver/Src/stm32f4xx_hal.o
                0x0000000020000004                uwTickFreq
 *fill*         0x0000000020000005        0x3 
 .data.uxCriticalNesting
                0x0000000020000008        0x4 Middlewares/Third_Party/FreeRTOS/Source/portable/GCC/ARM_CM4F/port.o
 .data.SystemCoreClock
                0x000000002000000c        0x4 Src/system_stm32f4xx.o
                0x000000002000000c                SystemCoreClock
                0x0000000020000010                . = ALIGN (0x4)
                0x0000000020000010                _edata = .
                0x0000000008002cf4                _siccmram = LOADADDR (.ccmram)

.igot.plt       0x0000000020000010        0x0 load address 0x0000000008002cf4
 .igot.plt      0x0000000020000010        0x0 /opt/Atollic_TrueSTUDIO_for_STM32_x86_64_9.3.0/ARMTools/bin/../lib/gcc/arm-atollic-eabi/6.3.1/armv7e-m/fpu/crtbegin.o

.ccmram         0x0000000010000000        0x0 load address 0x0000000008002cf4
                0x0000000010000000                . = ALIGN (0x4)
                0x0000000010000000                _sccmram = .
 *(.ccmram)
 *(.ccmram*)
                0x0000000010000000                . = ALIGN (0x4)
                0x0000000010000000                _eccmram = .
                0x0000000010000000                . = ALIGN (0x4)

.bss            0x0000000020000010     0x3fc4
                0x0000000020000010                _sbss = .
                0x0000000020000010                __bss_start__ = _sbss
 *(.bss)
 .bss           0x0000000020000010       0x1c /opt/Atollic_TrueSTUDIO_for_STM32_x86_64_9.3.0/ARMTools/bin/../lib/gcc/arm-atollic-eabi/6.3.1/armv7e-m/fpu/crtbegin.o
 *(.bss*)
 .bss.ucMaxSysCallPriority
                0x000000002000002c        0x1 Middlewares/Third_Party/FreeRTOS/Source/portable/GCC/ARM_CM4F/port.o
 *fill*         0x000000002000002d        0x3 
 .bss.ulMaxPRIGROUPValue
                0x0000000020000030        0x4 Middlewares/Third_Party/FreeRTOS/Source/portable/GCC/ARM_CM4F/port.o
 .bss.ucHeap    0x0000000020000034     0x3c00 Middlewares/Third_Party/FreeRTOS/Source/portable/MemMang/heap_4.o
 .bss.xStart    0x0000000020003c34        0x8 Middlewares/Third_Party/FreeRTOS/Source/portable/MemMang/heap_4.o
 .bss.pxEnd     0x0000000020003c3c        0x4 Middlewares/Third_Party/FreeRTOS/Source/portable/MemMang/heap_4.o
 .bss.xFreeBytesRemaining
                0x0000000020003c40        0x4 Middlewares/Third_Party/FreeRTOS/Source/portable/MemMang/heap_4.o
 .bss.xMinimumEverFreeBytesRemaining
                0x0000000020003c44        0x4 Middlewares/Third_Party/FreeRTOS/Source/portable/MemMang/heap_4.o
 .bss.xBlockAllocatedBit
                0x0000000020003c48        0x4 Middlewares/Third_Party/FreeRTOS/Source/portable/MemMang/heap_4.o
 .bss.pxCurrentTCB
                0x0000000020003c4c        0x4 Middlewares/Third_Party/FreeRTOS/Source/tasks.o
                0x0000000020003c4c                pxCurrentTCB
 .bss.pxReadyTasksLists
                0x0000000020003c50       0x8c Middlewares/Third_Party/FreeRTOS/Source/tasks.o
 .bss.xDelayedTaskList1
                0x0000000020003cdc       0x14 Middlewares/Third_Party/FreeRTOS/Source/tasks.o
 .bss.xDelayedTaskList2
                0x0000000020003cf0       0x14 Middlewares/Third_Party/FreeRTOS/Source/tasks.o
 .bss.pxDelayedTaskList
                0x0000000020003d04        0x4 Middlewares/Third_Party/FreeRTOS/Source/tasks.o
 .bss.pxOverflowDelayedTaskList
                0x0000000020003d08        0x4 Middlewares/Third_Party/FreeRTOS/Source/tasks.o
 .bss.xPendingReadyList
                0x0000000020003d0c       0x14 Middlewares/Third_Party/FreeRTOS/Source/tasks.o
 .bss.xTasksWaitingTermination
                0x0000000020003d20       0x14 Middlewares/Third_Party/FreeRTOS/Source/tasks.o
 .bss.uxDeletedTasksWaitingCleanUp
                0x0000000020003d34        0x4 Middlewares/Third_Party/FreeRTOS/Source/tasks.o
 .bss.xSuspendedTaskList
                0x0000000020003d38       0x14 Middlewares/Third_Party/FreeRTOS/Source/tasks.o
 .bss.uxCurrentNumberOfTasks
                0x0000000020003d4c        0x4 Middlewares/Third_Party/FreeRTOS/Source/tasks.o
 .bss.xTickCount
                0x0000000020003d50        0x4 Middlewares/Third_Party/FreeRTOS/Source/tasks.o
 .bss.uxTopReadyPriority
                0x0000000020003d54        0x4 Middlewares/Third_Party/FreeRTOS/Source/tasks.o
 .bss.xSchedulerRunning
                0x0000000020003d58        0x4 Middlewares/Third_Party/FreeRTOS/Source/tasks.o
 .bss.uxPendedTicks
                0x0000000020003d5c        0x4 Middlewares/Third_Party/FreeRTOS/Source/tasks.o
 .bss.xYieldPending
                0x0000000020003d60        0x4 Middlewares/Third_Party/FreeRTOS/Source/tasks.o
 .bss.xNumOfOverflows
                0x0000000020003d64        0x4 Middlewares/Third_Party/FreeRTOS/Source/tasks.o
 .bss.uxTaskNumber
                0x0000000020003d68        0x4 Middlewares/Third_Party/FreeRTOS/Source/tasks.o
 .bss.xNextTaskUnblockTime
                0x0000000020003d6c        0x4 Middlewares/Third_Party/FreeRTOS/Source/tasks.o
 .bss.xIdleTaskHandle
                0x0000000020003d70        0x4 Middlewares/Third_Party/FreeRTOS/Source/tasks.o
 .bss.uxSchedulerSuspended
                0x0000000020003d74        0x4 Middlewares/Third_Party/FreeRTOS/Source/tasks.o
 .bss.xIdleTaskTCBBuffer
                0x0000000020003d78       0x54 Src/freertos.o
 .bss.xIdleStack
                0x0000000020003dcc      0x200 Src/freertos.o
 *(COMMON)
 COMMON         0x0000000020003fcc        0x4 Drivers/STM32F4xx_HAL_Driver/Src/stm32f4xx_hal.o
                0x0000000020003fcc                uwTick
 COMMON         0x0000000020003fd0        0x4 Src/main.o
                0x0000000020003fd0                defaultTaskHandle
                0x0000000020003fd4                . = ALIGN (0x4)
                0x0000000020003fd4                _ebss = .
                0x0000000020003fd4                __bss_end__ = _ebss

._user_heap_stack
                0x0000000020003fd4      0x600
                0x0000000020003fd4                . = ALIGN (0x4)
                0x0000000020003fd4                PROVIDE (end, .)
                [!provide]                        PROVIDE (_end, .)
                0x00000000200041d4                . = (. + _Min_Heap_Size)
 *fill*         0x0000000020003fd4      0x200 
                0x00000000200045d4                . = (. + _Min_Stack_Size)
 *fill*         0x00000000200041d4      0x400 
                0x00000000200045d4                . = ALIGN (0x4)

/DISCARD/
 libc.a(*)
 libm.a(*)
 libgcc.a(*)

.ARM.attributes
                0x0000000000000000       0x30
 *(.ARM.attributes)
 .ARM.attributes
                0x0000000000000000       0x22 /opt/Atollic_TrueSTUDIO_for_STM32_x86_64_9.3.0/ARMTools/bin/../lib/gcc/arm-atollic-eabi/6.3.1/armv7e-m/fpu/crti.o
 .ARM.attributes
                0x0000000000000022       0x34 /opt/Atollic_TrueSTUDIO_for_STM32_x86_64_9.3.0/ARMTools/bin/../lib/gcc/arm-atollic-eabi/6.3.1/armv7e-m/fpu/crtbegin.o
 .ARM.attributes
                0x0000000000000056       0x39 Drivers/STM32F4xx_HAL_Driver/Src/stm32f4xx_hal.o
 .ARM.attributes
                0x000000000000008f       0x39 Drivers/STM32F4xx_HAL_Driver/Src/stm32f4xx_hal_cortex.o
 .ARM.attributes
                0x00000000000000c8       0x39 Drivers/STM32F4xx_HAL_Driver/Src/stm32f4xx_hal_gpio.o
 .ARM.attributes
                0x0000000000000101       0x39 Drivers/STM32F4xx_HAL_Driver/Src/stm32f4xx_hal_rcc.o
 .ARM.attributes
                0x000000000000013a       0x39 Middlewares/Third_Party/FreeRTOS/Source/CMSIS_RTOS/cmsis_os.o
 .ARM.attributes
                0x0000000000000173       0x39 Middlewares/Third_Party/FreeRTOS/Source/list.o
 .ARM.attributes
                0x00000000000001ac       0x39 Middlewares/Third_Party/FreeRTOS/Source/portable/GCC/ARM_CM4F/port.o
 .ARM.attributes
                0x00000000000001e5       0x39 Middlewares/Third_Party/FreeRTOS/Source/portable/MemMang/heap_4.o
 .ARM.attributes
                0x000000000000021e       0x39 Middlewares/Third_Party/FreeRTOS/Source/tasks.o
 .ARM.attributes
                0x0000000000000257       0x39 Src/freertos.o
 .ARM.attributes
                0x0000000000000290       0x39 Src/main.o
 .ARM.attributes
                0x00000000000002c9       0x39 Src/stm32f4xx_hal_msp.o
 .ARM.attributes
                0x0000000000000302       0x39 Src/stm32f4xx_it.o
 .ARM.attributes
                0x000000000000033b       0x39 Src/system_stm32f4xx.o
 .ARM.attributes
                0x0000000000000374       0x21 startup/startup_stm32f407xx.o
 .ARM.attributes
                0x0000000000000395       0x34 /opt/Atollic_TrueSTUDIO_for_STM32_x86_64_9.3.0/ARMTools/bin/../lib/gcc/arm-atollic-eabi/6.3.1/../../../../arm-atollic-eabi/lib/armv7e-m/fpu/libc_nano.a(lib_a-init.o)
 .ARM.attributes
                0x00000000000003c9       0x34 /opt/Atollic_TrueSTUDIO_for_STM32_x86_64_9.3.0/ARMTools/bin/../lib/gcc/arm-atollic-eabi/6.3.1/../../../../arm-atollic-eabi/lib/armv7e-m/fpu/libc_nano.a(lib_a-memset.o)
 .ARM.attributes
                0x00000000000003fd       0x22 /opt/Atollic_TrueSTUDIO_for_STM32_x86_64_9.3.0/ARMTools/bin/../lib/gcc/arm-atollic-eabi/6.3.1/armv7e-m/fpu/libgcc.a(_aeabi_uldivmod.o)
 .ARM.attributes
                0x000000000000041f       0x34 /opt/Atollic_TrueSTUDIO_for_STM32_x86_64_9.3.0/ARMTools/bin/../lib/gcc/arm-atollic-eabi/6.3.1/armv7e-m/fpu/libgcc.a(_udivmoddi4.o)
 .ARM.attributes
                0x0000000000000453       0x22 /opt/Atollic_TrueSTUDIO_for_STM32_x86_64_9.3.0/ARMTools/bin/../lib/gcc/arm-atollic-eabi/6.3.1/armv7e-m/fpu/libgcc.a(_dvmd_tls.o)
 .ARM.attributes
                0x0000000000000475       0x22 /opt/Atollic_TrueSTUDIO_for_STM32_x86_64_9.3.0/ARMTools/bin/../lib/gcc/arm-atollic-eabi/6.3.1/armv7e-m/fpu/crtn.o
OUTPUT(RTOS_test_linux.elf elf32-littlearm)

.debug_info     0x0000000000000000     0xa111
 .debug_info    0x0000000000000000      0x944 Drivers/STM32F4xx_HAL_Driver/Src/stm32f4xx_hal.o
 .debug_info    0x0000000000000944      0xe28 Drivers/STM32F4xx_HAL_Driver/Src/stm32f4xx_hal_cortex.o
 .debug_info    0x000000000000176c      0x7b4 Drivers/STM32F4xx_HAL_Driver/Src/stm32f4xx_hal_gpio.o
 .debug_info    0x0000000000001f20      0x903 Drivers/STM32F4xx_HAL_Driver/Src/stm32f4xx_hal_rcc.o
 .debug_info    0x0000000000002823     0x1e7d Middlewares/Third_Party/FreeRTOS/Source/CMSIS_RTOS/cmsis_os.o
 .debug_info    0x00000000000046a0      0xace Middlewares/Third_Party/FreeRTOS/Source/list.o
 .debug_info    0x000000000000516e      0x536 Middlewares/Third_Party/FreeRTOS/Source/portable/GCC/ARM_CM4F/port.o
 .debug_info    0x00000000000056a4      0xbed Middlewares/Third_Party/FreeRTOS/Source/portable/MemMang/heap_4.o
 .debug_info    0x0000000000006291     0x2496 Middlewares/Third_Party/FreeRTOS/Source/tasks.o
 .debug_info    0x0000000000008727      0x346 Src/freertos.o
 .debug_info    0x0000000000008a6d      0x92e Src/main.o
 .debug_info    0x000000000000939b      0x587 Src/stm32f4xx_hal_msp.o
 .debug_info    0x0000000000009922      0x1fc Src/stm32f4xx_it.o
 .debug_info    0x0000000000009b1e      0x556 Src/system_stm32f4xx.o
 .debug_info    0x000000000000a074       0x9d startup/startup_stm32f407xx.o

.debug_abbrev   0x0000000000000000     0x1bb6
 .debug_abbrev  0x0000000000000000      0x1c2 Drivers/STM32F4xx_HAL_Driver/Src/stm32f4xx_hal.o
 .debug_abbrev  0x00000000000001c2      0x2f5 Drivers/STM32F4xx_HAL_Driver/Src/stm32f4xx_hal_cortex.o
 .debug_abbrev  0x00000000000004b7      0x1c4 Drivers/STM32F4xx_HAL_Driver/Src/stm32f4xx_hal_gpio.o
 .debug_abbrev  0x000000000000067b      0x240 Drivers/STM32F4xx_HAL_Driver/Src/stm32f4xx_hal_rcc.o
 .debug_abbrev  0x00000000000008bb      0x374 Middlewares/Third_Party/FreeRTOS/Source/CMSIS_RTOS/cmsis_os.o
 .debug_abbrev  0x0000000000000c2f      0x1cc Middlewares/Third_Party/FreeRTOS/Source/list.o
 .debug_abbrev  0x0000000000000dfb      0x20d Middlewares/Third_Party/FreeRTOS/Source/portable/GCC/ARM_CM4F/port.o
 .debug_abbrev  0x0000000000001008      0x29b Middlewares/Third_Party/FreeRTOS/Source/portable/MemMang/heap_4.o
 .debug_abbrev  0x00000000000012a3      0x333 Middlewares/Third_Party/FreeRTOS/Source/tasks.o
 .debug_abbrev  0x00000000000015d6      0x104 Src/freertos.o
 .debug_abbrev  0x00000000000016da      0x1d6 Src/main.o
 .debug_abbrev  0x00000000000018b0      0x10d Src/stm32f4xx_hal_msp.o
 .debug_abbrev  0x00000000000019bd       0xc1 Src/stm32f4xx_it.o
 .debug_abbrev  0x0000000000001a7e      0x126 Src/system_stm32f4xx.o
 .debug_abbrev  0x0000000000001ba4       0x12 startup/startup_stm32f407xx.o

.debug_aranges  0x0000000000000000      0x8b0
 .debug_aranges
                0x0000000000000000       0xf0 Drivers/STM32F4xx_HAL_Driver/Src/stm32f4xx_hal.o
 .debug_aranges
                0x00000000000000f0      0x118 Drivers/STM32F4xx_HAL_Driver/Src/stm32f4xx_hal_cortex.o
 .debug_aranges
                0x0000000000000208       0x58 Drivers/STM32F4xx_HAL_Driver/Src/stm32f4xx_hal_gpio.o
 .debug_aranges
                0x0000000000000260       0x88 Drivers/STM32F4xx_HAL_Driver/Src/stm32f4xx_hal_rcc.o
 .debug_aranges
                0x00000000000002e8      0x1d8 Middlewares/Third_Party/FreeRTOS/Source/CMSIS_RTOS/cmsis_os.o
 .debug_aranges
                0x00000000000004c0       0x40 Middlewares/Third_Party/FreeRTOS/Source/list.o
 .debug_aranges
                0x0000000000000500       0x80 Middlewares/Third_Party/FreeRTOS/Source/portable/GCC/ARM_CM4F/port.o
 .debug_aranges
                0x0000000000000580       0x50 Middlewares/Third_Party/FreeRTOS/Source/portable/MemMang/heap_4.o
 .debug_aranges
                0x00000000000005d0      0x1a8 Middlewares/Third_Party/FreeRTOS/Source/tasks.o
 .debug_aranges
                0x0000000000000778       0x20 Src/freertos.o
 .debug_aranges
                0x0000000000000798       0x58 Src/main.o
 .debug_aranges
                0x00000000000007f0       0x20 Src/stm32f4xx_hal_msp.o
 .debug_aranges
                0x0000000000000810       0x50 Src/stm32f4xx_it.o
 .debug_aranges
                0x0000000000000860       0x28 Src/system_stm32f4xx.o
 .debug_aranges
                0x0000000000000888       0x28 startup/startup_stm32f407xx.o

.debug_ranges   0x0000000000000000      0x7c8
 .debug_ranges  0x0000000000000000       0xe0 Drivers/STM32F4xx_HAL_Driver/Src/stm32f4xx_hal.o
 .debug_ranges  0x00000000000000e0      0x108 Drivers/STM32F4xx_HAL_Driver/Src/stm32f4xx_hal_cortex.o
 .debug_ranges  0x00000000000001e8       0x48 Drivers/STM32F4xx_HAL_Driver/Src/stm32f4xx_hal_gpio.o
 .debug_ranges  0x0000000000000230       0x78 Drivers/STM32F4xx_HAL_Driver/Src/stm32f4xx_hal_rcc.o
 .debug_ranges  0x00000000000002a8      0x1c8 Middlewares/Third_Party/FreeRTOS/Source/CMSIS_RTOS/cmsis_os.o
 .debug_ranges  0x0000000000000470       0x30 Middlewares/Third_Party/FreeRTOS/Source/list.o
 .debug_ranges  0x00000000000004a0       0x70 Middlewares/Third_Party/FreeRTOS/Source/portable/GCC/ARM_CM4F/port.o
 .debug_ranges  0x0000000000000510       0x40 Middlewares/Third_Party/FreeRTOS/Source/portable/MemMang/heap_4.o
 .debug_ranges  0x0000000000000550      0x198 Middlewares/Third_Party/FreeRTOS/Source/tasks.o
 .debug_ranges  0x00000000000006e8       0x10 Src/freertos.o
 .debug_ranges  0x00000000000006f8       0x48 Src/main.o
 .debug_ranges  0x0000000000000740       0x10 Src/stm32f4xx_hal_msp.o
 .debug_ranges  0x0000000000000750       0x40 Src/stm32f4xx_it.o
 .debug_ranges  0x0000000000000790       0x18 Src/system_stm32f4xx.o
 .debug_ranges  0x00000000000007a8       0x20 startup/startup_stm32f407xx.o

.debug_line     0x0000000000000000     0x4099
 .debug_line    0x0000000000000000      0x409 Drivers/STM32F4xx_HAL_Driver/Src/stm32f4xx_hal.o
 .debug_line    0x0000000000000409      0x53d Drivers/STM32F4xx_HAL_Driver/Src/stm32f4xx_hal_cortex.o
 .debug_line    0x0000000000000946      0x400 Drivers/STM32F4xx_HAL_Driver/Src/stm32f4xx_hal_gpio.o
 .debug_line    0x0000000000000d46      0x4aa Drivers/STM32F4xx_HAL_Driver/Src/stm32f4xx_hal_rcc.o
 .debug_line    0x00000000000011f0      0x91f Middlewares/Third_Party/FreeRTOS/Source/CMSIS_RTOS/cmsis_os.o
 .debug_line    0x0000000000001b0f      0x336 Middlewares/Third_Party/FreeRTOS/Source/list.o
 .debug_line    0x0000000000001e45      0x3c4 Middlewares/Third_Party/FreeRTOS/Source/portable/GCC/ARM_CM4F/port.o
 .debug_line    0x0000000000002209      0x3d5 Middlewares/Third_Party/FreeRTOS/Source/portable/MemMang/heap_4.o
 .debug_line    0x00000000000025de      0xdc9 Middlewares/Third_Party/FreeRTOS/Source/tasks.o
 .debug_line    0x00000000000033a7      0x261 Src/freertos.o
 .debug_line    0x0000000000003608      0x3cf Src/main.o
 .debug_line    0x00000000000039d7      0x1d0 Src/stm32f4xx_hal_msp.o
 .debug_line    0x0000000000003ba7      0x280 Src/stm32f4xx_it.o
 .debug_line    0x0000000000003e27      0x1f4 Src/system_stm32f4xx.o
 .debug_line    0x000000000000401b       0x7e startup/startup_stm32f407xx.o

.debug_str      0x0000000000000000     0x35fe
 .debug_str     0x0000000000000000      0xb39 Drivers/STM32F4xx_HAL_Driver/Src/stm32f4xx_hal.o
                                        0xba2 (size before relaxing)
 .debug_str     0x0000000000000b39      0x4dd Drivers/STM32F4xx_HAL_Driver/Src/stm32f4xx_hal_cortex.o
                                        0xd26 (size before relaxing)
 .debug_str     0x0000000000001016      0x1de Drivers/STM32F4xx_HAL_Driver/Src/stm32f4xx_hal_gpio.o
                                        0x5ec (size before relaxing)
 .debug_str     0x00000000000011f4      0x2f4 Drivers/STM32F4xx_HAL_Driver/Src/stm32f4xx_hal_rcc.o
                                        0x7a3 (size before relaxing)
 .debug_str     0x00000000000014e8      0xeb3 Middlewares/Third_Party/FreeRTOS/Source/CMSIS_RTOS/cmsis_os.o
                                       0x11d0 (size before relaxing)
 .debug_str     0x000000000000239b      0x143 Middlewares/Third_Party/FreeRTOS/Source/list.o
                                        0x778 (size before relaxing)
 .debug_str     0x00000000000024de      0x24c Middlewares/Third_Party/FreeRTOS/Source/portable/GCC/ARM_CM4F/port.o
                                        0x49c (size before relaxing)
 .debug_str     0x000000000000272a      0x1ff Middlewares/Third_Party/FreeRTOS/Source/portable/MemMang/heap_4.o
                                        0x842 (size before relaxing)
 .debug_str     0x0000000000002929      0xa56 Middlewares/Third_Party/FreeRTOS/Source/tasks.o
                                       0x134b (size before relaxing)
 .debug_str     0x000000000000337f       0x7c Src/freertos.o
                                        0x416 (size before relaxing)
 .debug_str     0x00000000000033fb      0x118 Src/main.o
                                        0x899 (size before relaxing)
 .debug_str     0x0000000000003513       0x1b Src/stm32f4xx_hal_msp.o
                                        0x8c2 (size before relaxing)
 .debug_str     0x000000000000352e       0x8b Src/stm32f4xx_it.o
                                        0x345 (size before relaxing)
 .debug_str     0x00000000000035b9       0x45 Src/system_stm32f4xx.o
                                        0x450 (size before relaxing)

.comment        0x0000000000000000       0x7c
 .comment       0x0000000000000000       0x7c Drivers/STM32F4xx_HAL_Driver/Src/stm32f4xx_hal.o
                                         0x7d (size before relaxing)
 .comment       0x000000000000007c       0x7d Drivers/STM32F4xx_HAL_Driver/Src/stm32f4xx_hal_cortex.o
 .comment       0x000000000000007c       0x7d Drivers/STM32F4xx_HAL_Driver/Src/stm32f4xx_hal_gpio.o
 .comment       0x000000000000007c       0x7d Drivers/STM32F4xx_HAL_Driver/Src/stm32f4xx_hal_rcc.o
 .comment       0x000000000000007c       0x7d Middlewares/Third_Party/FreeRTOS/Source/CMSIS_RTOS/cmsis_os.o
 .comment       0x000000000000007c       0x7d Middlewares/Third_Party/FreeRTOS/Source/list.o
 .comment       0x000000000000007c       0x7d Middlewares/Third_Party/FreeRTOS/Source/portable/GCC/ARM_CM4F/port.o
 .comment       0x000000000000007c       0x7d Middlewares/Third_Party/FreeRTOS/Source/portable/MemMang/heap_4.o
 .comment       0x000000000000007c       0x7d Middlewares/Third_Party/FreeRTOS/Source/tasks.o
 .comment       0x000000000000007c       0x7d Src/freertos.o
 .comment       0x000000000000007c       0x7d Src/main.o
 .comment       0x000000000000007c       0x7d Src/stm32f4xx_hal_msp.o
 .comment       0x000000000000007c       0x7d Src/stm32f4xx_it.o
 .comment       0x000000000000007c       0x7d Src/system_stm32f4xx.o

.debug_frame    0x0000000000000000     0x2178
 .debug_frame   0x0000000000000000      0x374 Drivers/STM32F4xx_HAL_Driver/Src/stm32f4xx_hal.o
 .debug_frame   0x0000000000000374      0x498 Drivers/STM32F4xx_HAL_Driver/Src/stm32f4xx_hal_cortex.o
 .debug_frame   0x000000000000080c      0x14c Drivers/STM32F4xx_HAL_Driver/Src/stm32f4xx_hal_gpio.o
 .debug_frame   0x0000000000000958      0x1f8 Drivers/STM32F4xx_HAL_Driver/Src/stm32f4xx_hal_rcc.o
 .debug_frame   0x0000000000000b50      0x80c Middlewares/Third_Party/FreeRTOS/Source/CMSIS_RTOS/cmsis_os.o
 .debug_frame   0x000000000000135c       0xd8 Middlewares/Third_Party/FreeRTOS/Source/list.o
 .debug_frame   0x0000000000001434      0x1a8 Middlewares/Third_Party/FreeRTOS/Source/portable/GCC/ARM_CM4F/port.o
 .debug_frame   0x00000000000015dc      0x108 Middlewares/Third_Party/FreeRTOS/Source/portable/MemMang/heap_4.o
 .debug_frame   0x00000000000016e4      0x734 Middlewares/Third_Party/FreeRTOS/Source/tasks.o
 .debug_frame   0x0000000000001e18       0x38 Src/freertos.o
 .debug_frame   0x0000000000001e50      0x124 Src/main.o
 .debug_frame   0x0000000000001f74       0x34 Src/stm32f4xx_hal_msp.o
 .debug_frame   0x0000000000001fa8       0xcc Src/stm32f4xx_it.o
 .debug_frame   0x0000000000002074       0x58 Src/system_stm32f4xx.o
 .debug_frame   0x00000000000020cc       0x2c /opt/Atollic_TrueSTUDIO_for_STM32_x86_64_9.3.0/ARMTools/bin/../lib/gcc/arm-atollic-eabi/6.3.1/../../../../arm-atollic-eabi/lib/armv7e-m/fpu/libc_nano.a(lib_a-init.o)
 .debug_frame   0x00000000000020f8       0x20 /opt/Atollic_TrueSTUDIO_for_STM32_x86_64_9.3.0/ARMTools/bin/../lib/gcc/arm-atollic-eabi/6.3.1/../../../../arm-atollic-eabi/lib/armv7e-m/fpu/libc_nano.a(lib_a-memset.o)
 .debug_frame   0x0000000000002118       0x2c /opt/Atollic_TrueSTUDIO_for_STM32_x86_64_9.3.0/ARMTools/bin/../lib/gcc/arm-atollic-eabi/6.3.1/armv7e-m/fpu/libgcc.a(_aeabi_uldivmod.o)
 .debug_frame   0x0000000000002144       0x34 /opt/Atollic_TrueSTUDIO_for_STM32_x86_64_9.3.0/ARMTools/bin/../lib/gcc/arm-atollic-eabi/6.3.1/armv7e-m/fpu/libgcc.a(_udivmoddi4.o)
